<?xml version="1.0"?>
<xades:QualifyingProperties xmlns:xades="http://uri.etsi.org/01903/v1.3.2#" xmlns:ds="http://www.w3.org/2000/09/xmldsig#" xmlns:xades141="http://uri.etsi.org/01903/v1.4.1#" Target="#xmldsig-88fbfc45-3be2-4c4a-83ac-0796e1bad4c5">
  <xades:SignedProperties Id="xmldsig-88fbfc45-3be2-4c4a-83ac-0796e1bad4c5-signedprops">
    <xades:SignedSignatureProperties>
      <xades:SigningTime>2016-07-12T11:17:38.639-05:00</xades:SigningTime>
      <xades:SigningCertificate>
        <xades:Cert>
          <xades:CertDigest>
            <ds:DigestMethod Algorithm="http://www.w3.org/2000/09/xmldsig#sha1"/>
            <ds:DigestValue>CWRZ6T8gorOatsXd1JPkT1i8OpE=</ds:DigestValue>
          </xades:CertDigest>
          <xades:IssuerSerial>
            <ds:X509IssuerName>C=CO,L=Bogota D.C.,O=Andes SCD.,OU=Division de certificacion entidad final,CN=CA ANDES SCD S.A. Clase II,1.2.840.113549.1.9.1=#1614696e666f40616e6465737363642e636f6d2e636f</ds:X509IssuerName>
            <ds:X509SerialNumber>9128602840918470673</ds:X509SerialNumber>
          </xades:IssuerSerial>
        </xades:Cert>
        <xades:Cert>
          <xades:CertDigest>
            <ds:DigestMethod Algorithm="http://www.w3.org/2000/09/xmldsig#sha1"/>
            <ds:DigestValue>2MdGh3SWIpDtWUwz55wsIZssL0I=</ds:DigestValue>
          </xades:CertDigest>
          <xades:IssuerSerial>
            <ds:X509IssuerName>C=CO,L=Bogota D.C.,O=Andes SCD,OU=Division de certificacion,CN=ROOT CA ANDES SCD S.A.,1.2.840.113549.1.9.1=#1614696e666f40616e6465737363642e636f6d2e636f</ds:X509IssuerName>
            <ds:X509SerialNumber>7958418607150926283</ds:X509SerialNumber>
          </xades:IssuerSerial>
        </xades:Cert>
        <xades:Cert>
          <xades:CertDigest>
            <ds:DigestMethod Algorithm="http://www.w3.org/2000/09/xmldsig#sha1"/>
            <ds:DigestValue>7l7ZXDfZm3oHmBzjvala0kbXhOU=</ds:DigestValue>
          </xades:CertDigest>
          <xades:IssuerSerial>
            <ds:X509IssuerName>C=CO,L=Bogota D.C.,O=Andes SCD,OU=Division de certificacion,CN=ROOT CA ANDES SCD S.A.,1.2.840.113549.1.9.1=#1614696e666f40616e6465737363642e636f6d2e636f</ds:X509IssuerName>
            <ds:X509SerialNumber>3248112716520923666</ds:X509SerialNumber>
          </xades:IssuerSerial>
        </xades:Cert>
      </xades:SigningCertificate>
      <xades:SignaturePolicyIdentifier>
        <xades:SignaturePolicyId>
          <xades:SigPolicyId>
            <xades:Identifier>https://facturaelectronica.dian.gov.co/politicadefirma/v1/politicadefirmav1.pdf</xades:Identifier>
          </xades:SigPolicyId>
          <xades:SigPolicyHash>
            <ds:DigestMethod Algorithm="http://www.w3.org/2000/09/xmldsig#sha1"/>
            <ds:DigestValue>61fInBICBQOCBwuTwlaOZSi9HKc=</ds:DigestValue>
          </xades:SigPolicyHash>
        </xades:SignaturePolicyId>
      </xades:SignaturePolicyIdentifier>
      <xades:SignerRole>
        <xades:ClaimedRoles>
          <xades:ClaimedRole>supplier</xades:ClaimedRole>
        </xades:ClaimedRoles>
      </xades:SignerRole>
    </xades:SignedSignatureProperties>
  </xades:SignedProperties>
</xades:QualifyingProperties>
